=== bybit
=== досрочный выход (продажа по bid с комиссией), топ-30 по нижней границе ИИ ===
           вариант   L  выход_с  сигн  окон  исполн  цшейр_исп  цсигнал  ИИ_низ  ИИ_верх
  thr0.03_s2_slip0 200      5.0   169    92   0.195      11.86     2.32    1.19     3.60
  thr0.03_s2_slip2 200      2.0   169    92   0.225       9.42     2.12    1.13     3.24
thr0.05_s1.5_slip2 200      2.0   137    81   0.234      10.31     2.41    1.09     4.00
  thr0.03_s2_slip2 200      5.0   169    92   0.225      10.32     2.32    1.08     3.66
  thr0.02_s2_slip2 200      5.0   326   127   0.221       8.60     1.90    1.07     2.79
thr0.05_s1.5_slip0 200      2.0   137    81   0.212      11.21     2.37    1.06     3.80
thr0.05_s1.5_slip0 200      5.0   137    81   0.212      11.50     2.43    1.06     3.98
thr0.05_s1.5_slip2 200      5.0   137    81   0.234      10.23     2.39    1.03     4.01
  thr0.02_s2_slip0 200      5.0   326   127   0.166      10.58     1.75    1.01     2.61
  thr0.03_s2_slip0 200      2.0   169    92   0.195      10.69     2.09    1.00     3.31
thr0.03_s1.5_slip2 200      5.0   403   145   0.211       7.79     1.64    0.97     2.37
  thr0.02_s2_slip2 200      2.0   326   127   0.221       7.45     1.65    0.95     2.37
  thr0.03_s2_slip0 200     60.0   169    92   0.195      14.27     2.79    0.93     4.79
thr0.03_s1.5_slip0 200      5.0   403   145   0.151       9.65     1.46    0.87     2.12
thr0.03_s1.5_slip2 200      2.0   403   145   0.211       6.79     1.43    0.86     2.03
thr0.05_s1.5_slip0 200     60.0   137    81   0.212      14.73     3.12    0.86     5.55
  thr0.02_s2_slip0 200      2.0   326   127   0.166       8.99     1.49    0.85     2.16
  thr0.03_s2_slip0 200     10.0   169    92   0.195      12.38     2.42    0.85     4.11
  thr0.03_s2_slip0 200     30.0   169    92   0.195      11.75     2.29    0.83     4.07
  thr0.03_s2_slip2 300      2.0   169    92   0.166       9.14     1.52    0.82     2.33
  thr0.03_s2_slip2 200     10.0   169    92   0.225      11.06     2.49    0.79     4.41
  thr0.03_s2_slip2 200     30.0   169    92   0.225      10.21     2.30    0.79     3.90
  thr0.05_s1_slip2 200      5.0   483   154   0.211       6.38     1.35    0.76     1.97
  thr0.05_s1_slip2 200      2.0   483   154   0.211       5.78     1.22    0.73     1.78
  thr0.05_s2_slip0 200      2.0    48    35   0.167      16.01     2.67    0.71     5.12
  thr0.05_s2_slip2 200      2.0    48    35   0.188      14.26     2.67    0.69     5.02
  thr0.03_s2_slip0 300      5.0   169    92   0.142      10.58     1.50    0.69     2.41
thr0.03_s1.5_slip0 200      2.0   403   145   0.151       8.01     1.21    0.69     1.80
  thr0.03_s2_slip2 300      5.0   169    92   0.166      10.12     1.68    0.67     2.71
thr0.05_s1.5_slip2 300      2.0   137    81   0.161      10.13     1.63    0.67     2.68

строк с ИИ_низ > 0: 145 из 270  (при 270 сравнениях часть таких строк случайна)

=== отложенная выборка: топ-15 по первой половине окон, результат на второй ===
                                окон_обуч  исполн_обуч  цсигнал_обуч  ИИ_низ_обуч  окон_тест  исполн_тест  цсигнал_тест  ИИ_низ_тест  ИИ_верх
вариант            L   выход_с                                                                                                               
thr0.05_s1.5_slip0 200 60.0            41         0.22          3.43         0.24         40         0.20          2.64         0.44     5.38
thr0.03_s2_slip0   200 60.0            46         0.21          3.04         0.12         46         0.17          2.43         0.53     4.73
thr0.05_s1.5_slip0 300 60.0            41         0.17          2.86        -0.67         40         0.11          1.36         0.08     2.89
thr0.05_s1.5_slip2 200 60.0            41         0.24          2.70        -0.65         40         0.22          2.43         0.02     4.87
thr0.05_s2_slip2   200 10.0            20         0.20          2.70        -1.33         15         0.17          5.04         0.41    10.83
thr0.03_s2_slip2   200 30.0            46         0.24          2.70         0.48         46         0.20          1.72         0.29     3.43
thr0.05_s2_slip0   200 10.0            20         0.17          2.69        -1.42         15         0.17          5.04         0.00    10.35
thr0.03_s2_slip0   450 60.0            46         0.15          2.61         0.44         46         0.01          0.43         0.00     1.32
                   300 60.0            46         0.17          2.57        -0.25         46         0.10          1.14         0.10     2.46
thr0.05_s1.5_slip2 200 30.0            41         0.24          2.50         0.03         40         0.22          1.94         0.07     4.20
thr0.05_s1.5_slip0 200 30.0            41         0.22          2.47         0.06         40         0.20          2.24         0.35     4.61
thr0.03_s2_slip0   200 30.0            46         0.21          2.45         0.14         46         0.17          2.08         0.54     3.98
thr0.05_s1.5_slip2 450 60.0            41         0.16          2.45         0.34         40         0.02          0.56         0.00     1.70
thr0.03_s2_slip2   200 60.0            46         0.24          2.41        -0.30         46         0.20          2.32         0.46     4.60
thr0.05_s1.5_slip2 300 60.0            41         0.18          2.39        -0.50         40         0.13          2.00         0.10     3.99

все 270 вариантов: средний цсигнал обуч 0.71, тест 1.14; у топ-15 по обуч.: тест 2.22

=== средний цсигнал по выходу и задержке (все варианты) ===
L         200   300   450
выход_с                  
2.0      1.40  0.75  0.41
=== coinbase
=== досрочный выход (продажа по bid с комиссией), топ-30 по нижней границе ИИ ===
           вариант   L  выход_с  сигн  окон  исполн  цшейр_исп  цсигнал  ИИ_низ  ИИ_верх
  thr0.03_s2_slip2 200      5.0   496   149   0.264       4.23     1.12    0.53     1.75
  thr0.03_s2_slip0 200     10.0   496   149   0.190       5.64     1.07    0.50     1.70
thr0.05_s1.5_slip2 200      5.0   429   141   0.268       4.23     1.13    0.49     1.77
thr0.05_s1.5_slip0 300      2.0   429   141   0.172       5.12     0.88    0.48     1.33
  thr0.03_s2_slip0 200      5.0   496   149   0.190       5.30     1.01    0.44     1.58
thr0.05_s1.5_slip0 200     10.0   429   141   0.191       5.36     1.02    0.44     1.64
thr0.05_s1.5_slip0 200      5.0   429   141   0.191       5.10     0.97    0.44     1.52
  thr0.03_s2_slip2 200     10.0   496   149   0.264       4.26     1.13    0.43     1.79
thr0.05_s1.5_slip2 200     10.0   429   141   0.268       4.00     1.07    0.41     1.74
  thr0.03_s2_slip0 300      2.0   496   149   0.165       4.83     0.80    0.41     1.27
thr0.05_s1.5_slip2 300      2.0   429   141   0.221       3.84     0.85    0.39     1.33
thr0.05_s1.5_slip2 200      2.0   429   141   0.268       3.51     0.94    0.33     1.48
  thr0.03_s2_slip2 300      2.0   496   149   0.216       3.44     0.74    0.32     1.20
  thr0.02_s2_slip0 200     10.0   903   183   0.214       3.38     0.72    0.31     1.13
  thr0.03_s2_slip2 200      2.0   496   149   0.264       3.22     0.85    0.30     1.33
thr0.05_s1.5_slip0 300     10.0   429   141   0.172       4.86     0.84    0.27     1.43
  thr0.05_s2_slip2 300      2.0   173    89   0.162       6.25     1.01    0.26     1.91
  thr0.03_s2_slip0 300     10.0   496   149   0.165       4.54     0.75    0.26     1.28
thr0.05_s1.5_slip2 300     10.0   429   141   0.221       3.86     0.85    0.25     1.48
  thr0.03_s2_slip2 300     10.0   496   149   0.216       3.52     0.76    0.24     1.33
thr0.05_s1.5_slip0 200      2.0   429   141   0.191       4.00     0.77    0.23     1.26
  thr0.02_s2_slip0 200      5.0   903   183   0.214       2.54     0.54    0.23     0.85
  thr0.02_s2_slip2 200     10.0   903   183   0.308       2.22     0.68    0.23     1.18
  thr0.05_s2_slip0 300      2.0   173    89   0.145       6.79     0.98    0.23     1.90
  thr0.03_s2_slip0 200      2.0   496   149   0.190       3.73     0.71    0.23     1.17
  thr0.03_s2_slip0 300      5.0   496   149   0.165       4.07     0.67    0.21     1.19
  thr0.02_s2_slip0 300     10.0   903   183   0.190       2.88     0.55    0.19     0.92
thr0.03_s1.5_slip0 200     10.0  1021   190   0.218       2.58     0.56    0.19     0.98
thr0.05_s1.5_slip0 300      5.0   429   141   0.172       3.84     0.66    0.18     1.16
  thr0.02_s2_slip2 200      5.0   903   183   0.308       1.75     0.54    0.16     0.93

строк с ИИ_низ > 0: 37 из 270  (при 270 сравнениях часть таких строк случайна)

=== отложенная выборка: топ-15 по первой половине окон, результат на второй ===
                                окон_обуч  исполн_обуч  цсигнал_обуч  ИИ_низ_обуч  окон_тест  исполн_тест  цсигнал_тест  ИИ_низ_тест  ИИ_верх
вариант            L   выход_с                                                                                                               
thr0.05_s2_slip0   300 2.0             33         0.17          1.72         0.11         56         0.13          0.61         0.01     1.39
thr0.05_s2_slip2   300 2.0             33         0.19          1.67         0.03         56         0.15          0.68         0.01     1.49
thr0.05_s1.5_slip2 200 60.0            64         0.27          1.40        -0.84         77         0.27          1.86        -0.50     4.44
thr0.05_s1.5_slip0 300 2.0             64         0.20          1.29         0.60         77         0.15          0.58         0.11     1.01
thr0.05_s1.5_slip2 200 5.0             64         0.27          1.28         0.37         77         0.27          1.02         0.08     1.85
thr0.05_s2_slip2   200 5.0             33         0.21          1.26        -0.39         56         0.22          1.19        -0.31     2.69
thr0.05_s1.5_slip0 200 5.0             64         0.21          1.25         0.61         77         0.18          0.77         0.01     1.58
thr0.05_s1.5_slip2 300 2.0             64         0.24          1.24         0.56         77         0.21          0.56         0.08     1.07
thr0.03_s2_slip2   200 60.0            69         0.25          1.24        -0.70         80         0.28          1.49        -0.49     3.92
thr0.05_s2_slip2   200 2.0             33         0.21          1.20         0.12         56         0.22          1.06        -0.83     2.79
thr0.03_s2_slip0   200 5.0             69         0.20          1.18         0.56         80         0.18          0.87         0.13     1.82
thr0.05_s1.5_slip2 200 2.0             64         0.27          1.13         0.68         77         0.27          0.80        -0.33     1.69
thr0.03_s2_slip2   200 5.0             69         0.25          1.11         0.43         80         0.28          1.12         0.25     2.12
thr0.03_s2_slip0   300 2.0             69         0.18          1.06         0.42         80         0.15          0.60         0.11     1.14
thr0.05_s1.5_slip0 200 2.0             64         0.21          1.05         0.64         77         0.18          0.55        -0.37     1.33

все 270 вариантов: средний цсигнал обуч 0.01, тест -0.09; у топ-15 по обуч.: тест 0.92

=== средний цсигнал по выходу и задержке (все варианты) ===
L         200   300   450
выход_с                  
2.0      0.15  0.10 -0.16
=== binance_fut
=== досрочный выход (продажа по bid с комиссией), топ-30 по нижней границе ИИ ===
           вариант   L  выход_с  сигн  окон  исполн  цшейр_исп  цсигнал  ИИ_низ  ИИ_верх
  thr0.05_s2_slip2 200      5.0   238   113   0.223       7.73     1.72    0.90     2.67
  thr0.05_s2_slip0 200      5.0   238   113   0.164       9.60     1.57    0.77     2.49
  thr0.05_s2_slip0 200      2.0   238   113   0.164       9.38     1.54    0.76     2.41
  thr0.03_s2_slip2 200      5.0   586   165   0.176       6.87     1.21    0.75     1.73
thr0.05_s1.5_slip2 200      5.0   512   157   0.180       6.61     1.19    0.72     1.67
thr0.05_s1.5_slip2 200      2.0   512   157   0.180       6.47     1.16    0.71     1.69
  thr0.03_s2_slip2 200      2.0   586   165   0.176       6.38     1.12    0.71     1.59
  thr0.03_s2_slip0 200      5.0   586   165   0.131       8.22     1.08    0.67     1.54
thr0.05_s1.5_slip0 200      5.0   512   157   0.137       7.72     1.06    0.63     1.47
  thr0.03_s2_slip0 200      2.0   586   165   0.131       6.91     0.91    0.52     1.30
thr0.05_s1.5_slip0 200      2.0   512   157   0.137       6.89     0.94    0.50     1.40
  thr0.02_s2_slip0 200      5.0  1048   192   0.118       6.03     0.71    0.43     1.00
  thr0.02_s2_slip2 200      5.0  1048   192   0.187       4.03     0.75    0.43     1.12
thr0.03_s1.5_slip0 200      5.0  1167   195   0.117       5.52     0.64    0.38     0.91
thr0.05_s1.5_slip2 200     10.0   512   157   0.180       5.33     0.96    0.37     1.58
thr0.05_s1.5_slip0 300      5.0   512   157   0.092       8.04     0.74    0.36     1.13
  thr0.03_s2_slip0 300      5.0   586   165   0.089       7.82     0.69    0.36     1.03
  thr0.05_s2_slip2 200      2.0   238   113   0.223       6.93     1.54    0.36     2.72
  thr0.02_s2_slip2 200      2.0  1048   192   0.187       3.50     0.65    0.35     0.96
  thr0.03_s2_slip2 200     10.0   586   165   0.176       5.20     0.91    0.34     1.54
  thr0.02_s2_slip0 200      2.0  1048   192   0.118       5.13     0.61    0.34     0.90
  thr0.05_s2_slip2 200     60.0   238   113   0.223       8.66     1.93    0.33     3.49
thr0.03_s1.5_slip2 200      5.0  1167   195   0.187       3.32     0.62    0.33     0.91
thr0.03_s1.5_slip0 200      2.0  1167   195   0.117       4.79     0.56    0.33     0.83
  thr0.03_s2_slip2 300      5.0   586   165   0.113       5.67     0.64    0.32     1.01
thr0.03_s1.5_slip2 200      2.0  1167   195   0.187       3.14     0.59    0.32     0.85
  thr0.05_s2_slip2 200     10.0   238   113   0.223       6.37     1.42    0.32     2.56
  thr0.05_s1_slip2 200      2.0  1305   200   0.192       2.81     0.54    0.30     0.80
  thr0.03_s2_slip0 200     10.0   586   165   0.131       6.15     0.81    0.29     1.39
thr0.05_s1.5_slip2 300      5.0   512   157   0.119       5.67     0.68    0.29     1.12

строк с ИИ_низ > 0: 86 из 270  (при 270 сравнениях часть таких строк случайна)

=== отложенная выборка: топ-15 по первой половине окон, результат на второй ===
                                окон_обуч  исполн_обуч  цсигнал_обуч  ИИ_низ_обуч  окон_тест  исполн_тест  цсигнал_тест  ИИ_низ_тест  ИИ_верх
вариант            L   выход_с                                                                                                               
thr0.05_s2_slip2   200 60.0            44         0.26          3.01         0.34         69         0.20          1.25        -0.22     3.14
thr0.05_s2_slip0   200 60.0            44         0.22          2.68        -0.98         69         0.13          0.67        -0.50     1.69
thr0.05_s2_slip2   200 30.0            44         0.26          2.03        -0.22         69         0.20          1.24        -0.19     2.62
                   300 60.0            44         0.17          1.85        -0.37         69         0.10          0.50        -0.63     1.62
                   200 5.0             44         0.26          1.72         0.21         69         0.20          1.72         0.81     2.80
thr0.05_s2_slip0   200 30.0            44         0.22          1.71        -1.42         69         0.13          0.81        -0.23     2.03
                       5.0             44         0.22          1.60         0.12         69         0.13          1.56         0.77     2.61
thr0.03_s2_slip2   200 5.0             75         0.20          1.16         0.44         90         0.16          1.24         0.69     1.84
thr0.05_s2_slip2   200 10.0            44         0.26          1.05        -1.30         69         0.20          1.65         0.67     2.70
thr0.03_s2_slip0   200 5.0             75         0.16          1.03         0.37         90         0.11          1.12         0.61     1.69
thr0.05_s2_slip0   200 2.0             44         0.22          0.98        -0.24         69         0.13          1.89         1.00     2.92
thr0.05_s1.5_slip2 200 5.0             67         0.20          0.97         0.37         90         0.16          1.35         0.81     2.03
thr0.05_s2_slip0   450 5.0             44         0.11          0.95         0.08         69         0.05          0.23        -0.19     0.66
                   200 10.0            44         0.22          0.91        -1.35         69         0.13          1.57         0.74     2.46
thr0.05_s1.5_slip0 200 5.0             67         0.17          0.89         0.25         90         0.11          1.18         0.67     1.78

все 270 вариантов: средний цсигнал обуч 0.14, тест 0.39; у топ-15 по обуч.: тест 1.20

=== средний цсигнал по выходу и задержке (все варианты) ===
L         200   300   450
выход_с                  
2.0      0.61  0.26  0.05
