=== порог 0.03, sigma x2
=== досрочный выход (продажа по bid с комиссией), топ-30 по нижней границе ИИ ===
         вариант   L  выход_с  сигн  окон  исполн  цшейр_исп  цсигнал  ИИ_низ  ИИ_верх
thr0.03_s2_slip2 200      5.0    53    27   0.208      20.34     4.22    1.39     7.73
thr0.03_s2_slip0 200      5.0    53    27   0.151      25.82     3.90    1.35     7.10
thr0.03_s2_slip0 300      5.0    53    27   0.113      20.93     2.37    0.62     4.84
thr0.03_s2_slip2 300      5.0    53    27   0.151      14.23     2.15   -0.12     4.68

строк с ИИ_низ > 0: 3 из 4  (при 4 сравнениях часть таких строк случайна)

=== отложенная выборка: топ-15 по первой половине окон, результат на второй ===
                              окон_обуч  исполн_обуч  цсигнал_обуч  ИИ_низ_обуч  окон_тест  исполн_тест  цсигнал_тест  ИИ_низ_тест  ИИ_верх
вариант          L   выход_с                                                                                                               
=== порог 0.05, sigma x1.5
=== досрочный выход (продажа по bid с комиссией), топ-30 по нижней границе ИИ ===
           вариант   L  выход_с  сигн  окон  исполн  цшейр_исп  цсигнал  ИИ_низ  ИИ_верх
thr0.05_s1.5_slip0 200      5.0    47    24   0.170      25.95     4.42    1.76     7.83
thr0.05_s1.5_slip2 200      5.0    47    24   0.234      20.43     4.78    1.62     8.23
thr0.05_s1.5_slip0 300      5.0    47    24   0.128      20.93     2.67    0.73     5.36
thr0.05_s1.5_slip2 300      5.0    47    24   0.170      14.23     2.42   -0.13     5.38

строк с ИИ_низ > 0: 3 из 4  (при 4 сравнениях часть таких строк случайна)

=== отложенная выборка: топ-15 по первой половине окон, результат на второй ===
                                окон_обуч  исполн_обуч  цсигнал_обуч  ИИ_низ_обуч  окон_тест  исполн_тест  цсигнал_тест  ИИ_низ_тест  ИИ_верх
вариант            L   выход_с                                                                                                               
