=== Bybit, all
/home/lab/data/2026-10-08: тиков 93847, сигналов 8671
/home/lab/data/2026-10-09: тиков 78004, сигналов 12091
/home/lab/data/2026-10-10: тиков 6118, сигналов 1369
=== сравнение переплат: ц на сигнал (неисполненные = 0), держать до конца и выход через 5 с ===
  L  сигн  исполн  держать  д_ИИ-  д_ИИ+  исп_шт  выход5с  в_ИИ-  в_ИИ+         base        slip
200  7477    0.37     0.30  -0.26   0.87    2772    -0.31  -0.46  -0.16   thr0.01_s1       slip2
200  7477    0.17     0.27  -0.14   0.66    1276     0.02  -0.12   0.14   thr0.01_s1   edge1m1c8
200  7477    0.16     0.27  -0.13   0.71    1182     0.06  -0.06   0.18   thr0.01_s1   edge1m2c6
200  7477    0.17     0.26  -0.12   0.68    1246     0.03  -0.09   0.16   thr0.01_s1 edge0.5m0c6
200  7477    0.49     0.25  -0.39   0.84    3645    -0.55  -0.71  -0.39   thr0.01_s1       slip3
200  7477    0.15     0.21  -0.18   0.58    1130     0.04  -0.07   0.15   thr0.01_s1       slip0
200  7477    0.25     0.10  -0.35   0.60    1889    -0.08  -0.20   0.06   thr0.01_s1       slip1
200  7477    0.72     0.04  -0.65   0.76    5374    -1.15  -1.35  -0.94   thr0.01_s1       slip5
200  7477    0.88    -0.29  -1.02   0.45    6573    -1.57  -1.78  -1.36   thr0.01_s1       slip8
300  7477    0.13     0.07  -0.27   0.39     946    -0.03  -0.12   0.06   thr0.01_s1   edge1m2c6
300  7477    0.13     0.05  -0.31   0.39     999    -0.06  -0.16   0.03   thr0.01_s1 edge0.5m0c6
300  7477    0.14     0.03  -0.33   0.38    1022    -0.07  -0.17   0.04   thr0.01_s1   edge1m1c8
300  7477    0.12     0.03  -0.32   0.34     913    -0.02  -0.10   0.07   thr0.01_s1       slip0
300  7477    0.21    -0.04  -0.50   0.45    1547    -0.24  -0.34  -0.14   thr0.01_s1       slip1
300  7477    0.31    -0.06  -0.62   0.51    2351    -0.52  -0.65  -0.40   thr0.01_s1       slip2
300  7477    0.42    -0.24  -0.77   0.37    3138    -0.75  -0.91  -0.61   thr0.01_s1       slip3
300  7477    0.65    -0.40  -1.09   0.26    4860    -1.47  -1.65  -1.29   thr0.01_s1       slip5
300  7477    0.83    -1.08  -1.78  -0.33    6222    -2.13  -2.32  -1.94   thr0.01_s1       slip8
200  3297    0.32     1.15   0.45   1.88    1047     0.35   0.11   0.59 thr0.01_s1.5       slip3
200  3297    0.24     1.08   0.35   1.80     794     0.40   0.19   0.62 thr0.01_s1.5       slip2
200  3297    0.54     0.85  -0.10   1.73    1785    -0.05  -0.34   0.26 thr0.01_s1.5       slip5
200  3297    0.18     0.83   0.26   1.40     601     0.48   0.28   0.66 thr0.01_s1.5       slip1
200  3297    0.14     0.82   0.30   1.41     460     0.52   0.36   0.69 thr0.01_s1.5 edge0.5m0c6
200  3297    0.14     0.81   0.28   1.33     464     0.52   0.35   0.70 thr0.01_s1.5   edge1m1c8
200  3297    0.14     0.72   0.22   1.17     446     0.50   0.32   0.67 thr0.01_s1.5   edge1m2c6
200  3297    0.13     0.72   0.26   1.22     431     0.46   0.30   0.62 thr0=== Bybit, forward
/home/lab/data/2026-10-08: тиков 93847, сигналов 8671
/home/lab/data/2026-10-09: тиков 78004, сигналов 12091
/home/lab/data/2026-10-10: тиков 6121, сигналов 1369
=== сравнение переплат: ц на сигнал (неисполненные = 0), держать до конца и выход через 5 с ===
  L  сигн  исполн  держать  д_ИИ-  д_ИИ+  исп_шт  выход5с  в_ИИ-  в_ИИ+         base        slip
200  3233    0.47     0.75  -0.10   1.70    1523    -0.21  -0.47   0.06   thr0.01_s1       slip3
200  3233    0.16     0.62  -0.04   1.24     529     0.25   0.06   0.44   thr0.01_s1   edge1m2c6
200  3233    0.17     0.59  -0.06   1.22     557     0.20   0.01   0.41   thr0.01_s1 edge0.5m0c6
200  3233    0.18     0.54  -0.16   1.16     569     0.17  -0.05   0.39   thr0.01_s1   edge1m1c8
200  3233    0.37     0.52  -0.19   1.33    1182    -0.06  -0.29   0.17   thr0.01_s1       slip2
200  3233    0.16     0.50  -0.10   1.13     503     0.21   0.05   0.39   thr0.01_s1       slip0
200  3233    0.70     0.47  -0.47   1.51    2255    -0.71  -1.00  -0.42   thr0.01_s1       slip5
200  3233    0.25     0.29  -0.40   0.98     807     0.14  -0.06   0.35   thr0.01_s1       slip1
200  3233    0.86     0.08  -0.89   1.10    2788    -1.01  -1.30  -0.68   thr0.01_s1       slip8
300  3233    0.13     0.38  -0.10   0.82     423     0.10  -0.06   0.28   thr0.01_s1   edge1m2c6
300  3233    0.14     0.35  -0.11   0.83     448     0.05  -0.11   0.21   thr0.01_s1 edge0.5m0c6
300  3233    0.13     0.35  -0.09   0.78     406     0.13  -0.01   0.28   thr0.01_s1       slip0
300  3233    0.40     0.35  -0.39   1.08    1276    -0.55  -0.78  -0.32   thr0.01_s1       slip3
300  3233    0.14     0.28  -0.20   0.76     457     0.03  -0.14   0.21   thr0.01_s1   edge1m1c8
300  3233    0.30     0.19  -0.51   0.88     982    -0.38  -0.60  -0.16   thr0.01_s1       slip2
300  3233    0.20     0.18  -0.45   0.85     649    -0.08  -0.25   0.10   thr0.01_s1       slip1
300  3233    0.62    -0.16  -1.08   0.76    2002    -1.22  -1.49  -0.94   thr0.01_s1       slip5
300  3233    0.80    -0.94  -1.94   0.05    2580    -1.79  -2.07  -1.49   thr0.01_s1       slip8
200  1496    0.30     1.92   0.89   3.09     445     0.59   0.18   1.03 thr0.01_s1.5       slip3
200  1496    0.51     1.76   0.39   2.96     764     0.35  -0.15   0.80 thr0.01_s1.5       slip5
200  1496    0.22     1.45   0.42   2.46     337     0.59   0.24   0.98 thr0.01_s1.5       slip2
200  1496    0.14     1.31   0.60   2.05     212     0.68   0.39   0.98 thr0.01_s1.5 edge0.5m0c6
200  1496    0.14     1.28   0.53   2.10     215     0.68   0.39   0.98 thr0.01_s1.5   edge1m1c8
200  1496    0.14     1.18   0.43   2.04     207     0.66   0.39   0.98 thr0.01_s1.5   edge1m2c6
200  1496    0.13     1.14   0.48   1.90     199     0.58   0.36   0.85 thr0.01_s1.5       slip0
200  1496    0.18     1.08   0.20   2.04     262     0.64   0.33   0.97 thr0