# Задержки лент за последние 6 ч

## Дополнительные биржи (health_feeds, интервалы по 10 с)
```
                       интервалов  сообщ_в_с  пустых_интервалов_доля  лаг_p50_мс  лаг_p90_мс
feed                                                                                        
binance_futures              2160       3.53                    0.00      292.58      304.18
binance_futures_book         2160      91.78                    0.00      145.11      158.94
binance_futures_depth        2160       8.41                    0.00      144.95      149.78
binance_liq                  2160       0.00                    0.98     1153.32     1158.20
bitstamp                     2160       0.24                    0.27       48.68       67.73
bybit                        2160       3.73                    0.02      113.80      121.56
bybit_book                   2160       8.68                    0.00      111.46      115.20
bybit_liq                    2160       0.00                    0.99      427.85      557.01
kraken                       2160       0.58                    0.08       41.79       58.66
okx                          2160       3.43                    0.00      151.88      158.62
```

## Binance спот и Coinbase (health_cex)
- Binance: лаг p50 145 мс, p90 по интервалам 157 мс, сообщ/10с 29
- Coinbase: лаг p50 83 мс, сообщ/10с 21
- задержка event loop процесса cex: p50 0.69 мс, p99 макс 18.3 мс, макс 62 мс

## Polymarket (health_pm)
- лаг ленты книги от сервера: p50 41 мс, p90 по интервалам 88 мс, макс 1774 мс
- сообщений книги в 10 с: 3158; сделок: 72543
- задержка event loop процесса pm: p50 0.62 мс, макс 58 мс

## RTT до Polymarket REST (pm_rtt, мс)
```
           count   50%   90%   99%    max
endpoint                                 
book      4235.0  44.3  53.4  82.8  323.0
order      705.0  47.4  51.5  63.8  117.0
time      4235.0  43.9  47.5  64.6  272.4
```

## Часы сервера относительно Binance
- смещение: медиана 19.7 мс, размах 15.1…57.2 мс; RTT до Binance REST p50 288 мс


