# Задержки лент за последние 6 ч

## Дополнительные биржи (health_feeds, интервалы по 10 с)
```
                       интервалов  сообщ_в_с  пустых_интервалов_доля  лаг_p50_мс  лаг_p90_мс
feed                                                                                        
binance_futures              2160       9.21                    0.00      160.03      295.71
binance_futures_book         2160     306.64                    0.00      144.67      153.66
binance_futures_depth        2160       9.18                    0.00      144.89      149.27
binance_liq                  2160       0.01                    0.96     1152.19     1161.40
bitstamp                     2160       0.49                    0.14       51.23       75.69
bybit                        2160      11.07                    0.00      113.92      126.83
bybit_book                   2160      15.51                    0.00      111.40      115.30
bybit_liq                    2160       0.01                    0.98      389.87      585.49
kraken                       2160       1.28                    0.02       44.84       97.23
okx                          2160      10.31                    0.00      147.73      161.66
```

## Binance спот и Coinbase (health_cex)
- Binance: лаг p50 144 мс, p90 по интервалам 148 мс, сообщ/10с 60
- Coinbase: лаг p50 78 мс, сообщ/10с 43
- задержка event loop процесса cex: p50 0.69 мс, p99 макс 54.7 мс, макс 88 мс

## Polymarket (health_pm)
- лаг ленты книги от сервера: p50 41 мс, p90 по интервалам 174 мс, макс 1709 мс
- сообщений книги в 10 с: 4836; сделок: 99621
- задержка event loop процесса pm: p50 0.60 мс, макс 122 мс

## RTT до Polymarket REST (pm_rtt, мс)
```
           count   50%   90%    99%    max
endpoint                                  
book      4234.0  45.0  58.1  101.8  791.2
order      706.0  46.7  52.6   91.0  121.7
time      4233.0  43.4  48.1   63.7  118.2
```

## Часы сервера относительно Binance
- смещение: медиана 19.6 мс, размах 17.1…54.6 мс; RTT до Binance REST p50 289 мс


