=== порог 0.03, sigma x1, переплата 3 ц
=== сравнение переплат: ц на сигнал (неисполненные = 0), держать до конца и выход через 5 с ===
  L  сигн  исполн  держать  д_ИИ-  д_ИИ+  исп_шт  выход5с  в_ИИ-  в_ИИ+       base  slip
200    96    0.24     6.67   1.86  12.35      23     4.28   2.10   7.27 thr0.03_s1 slip3
300    96    0.18     4.79   0.45   9.73      17     2.93   1.13   5.33 thr0.03_s1 slip3
=== порог 0.03, sigma x1.5, переплата 3 ц
=== сравнение переплат: ц на сигнал (неисполненные = 0), держать до конца и выход через 5 с ===
  L  сигн  исполн  держать  д_ИИ-  д_ИИ+  исп_шт  выход5с  в_ИИ-  в_ИИ+         base  slip
200    34    0.32    10.26  -1.12  22.10      11     8.47   3.53  14.83 thr0.03_s1.5 slip3
300    34    0.18     4.34  -5.44  14.69       6     3.91   0.66   8.57 thr0.03_s1.5 slip3
=== порог 0.02, sigma x1.5, переплата 3 ц
=== сравнение переплат: ц на сигнал (неисполненные = 0), держать до конца и выход через 5 с ===
  L  сигн  исполн  держать  д_ИИ-  д_ИИ+  исп_шт  выход5с  в_ИИ-  в_ИИ+         base  slip
200    62    0.31     7.74   1.26  15.23      19     5.30   2.20   9.36 thr0.02_s1.5 slip3
300    62    0.21     5.62  -1.02  12.27      13     3.58   1.09   6.44 thr0.02_s1.5 slip3
=== порог 0.03, sigma x2, переплата 5 ц
=== сравнение переплат: ц на сигнал (неисполненные = 0), держать до конца и выход через 5 с ===
  L  сигн  исполн  держать  д_ИИ-  д_ИИ+  исп_шт  выход5с  в_ИИ-  в_ИИ+       base  slip
200    15    0.33    11.05   3.11  19.85       5     8.90   2.65  18.05 thr0.03_s2 slip5
300    15    0.07     3.55   0.00   8.88       1     0.98   0.00   2.44 thr0.03_s2 slip5
