# Задержки лент за последние 6 ч

## Дополнительные биржи (health_feeds, интервалы по 10 с)
```
                       интервалов  сообщ_в_с  пустых_интервалов_доля  лаг_p50_мс  лаг_p90_мс
feed                                                                                        
binance_futures                31      11.34                    0.13      173.28      297.20
binance_futures_book           31     363.85                    0.00      146.16      160.71
binance_futures_depth          31       9.41                    0.00      145.83      149.88
binance_liq                    31       0.01                    0.90     1150.85     1152.94
bitstamp                       31       0.28                    0.10       50.38       75.13
bybit                          31      19.33                    0.00      115.22      130.70
bybit_book                     31      22.42                    0.00      112.67      115.48
bybit_liq                      31       0.01                    0.94      530.44      577.64
kraken                         31       1.89                    0.00       50.59       75.63
okx                            31      13.02                    0.00      147.56      158.18
```

## Binance спот и Coinbase (health_cex)
- Binance: лаг p50 146 мс, p90 по интервалам 148 мс, сообщ/10с 85
- Coinbase: лаг p50 85 мс, сообщ/10с 41
- задержка event loop процесса cex: p50 0.70 мс, p99 макс 355.7 мс, макс 486 мс

## Polymarket (health_pm)
- лаг ленты книги от сервера: p50 52 мс, p90 по интервалам 331 мс, макс 475 мс
- сообщений книги в 10 с: 6827; сделок: 1329
- задержка event loop процесса pm: p50 0.64 мс, макс 200 мс

## RTT до Polymarket REST (pm_rtt, мс)
```
          count   50%   90%   99%   max
endpoint                               
book       61.0  45.5  58.4  77.0  86.6
order      10.0  50.2  51.0  54.1  54.5
time       61.0  45.6  49.0  70.8  96.9
```

## Часы сервера относительно Binance
- смещение: медиана 21.0 мс, размах 18.6…25.0 мс; RTT до Binance REST p50 292 мс


