# Задержки лент за последние 6 ч

## Дополнительные биржи (health_feeds, интервалы по 10 с)
```
                       интервалов  сообщ_в_с  пустых_интервалов_доля  лаг_p50_мс  лаг_p90_мс
feed                                                                                        
binance_futures              2160       4.09                    0.00      293.21      305.96
binance_futures_book         2160     106.04                    0.00      145.00      158.76
binance_futures_depth        2160       8.50                    0.00      146.43      158.72
binance_liq                  2160       0.00                    0.99     1155.50     1166.48
bitstamp                     2160       0.26                    0.19       48.82       65.78
bybit                        2160       4.03                    0.01      114.43      121.35
bybit_book                   2160       8.11                    0.00      112.16      114.84
bybit_liq                    2160       0.00                    0.99      356.63      574.50
kraken                       2160       0.78                    0.02       42.93       61.60
okx                          2160       4.21                    0.00      157.04      162.27
```

## Binance спот и Coinbase (health_cex)
- Binance: лаг p50 145 мс, p90 по интервалам 154 мс, сообщ/10с 39
- Coinbase: лаг p50 82 мс, сообщ/10с 27
- задержка event loop процесса cex: p50 0.70 мс, p99 макс 29.8 мс, макс 84 мс

## Polymarket (health_pm)
- лаг ленты книги от сервера: p50 41 мс, p90 по интервалам 144 мс, макс 2209 мс
- сообщений книги в 10 с: 3519; сделок: 85428
- задержка event loop процесса pm: p50 0.63 мс, макс 80 мс

## RTT до Polymarket REST (pm_rtt, мс)
```
           count   50%   90%    99%     max
endpoint                                   
book      4229.0  46.9  63.9  108.6   410.3
order      705.0  49.0  53.4   95.8  1757.2
time      4229.0  45.3  49.8   93.2  1727.4
```

## Часы сервера относительно Binance
- смещение: медиана 19.9 мс, размах 13.6…39.9 мс; RTT до Binance REST p50 290 мс


