# Задержки лент за последние 6 ч

## Дополнительные биржи (health_feeds, интервалы по 10 с)
```
                       интервалов  сообщ_в_с  пустых_интервалов_доля  лаг_p50_мс  лаг_p90_мс
feed                                                                                        
binance_futures              2160       9.06                    0.00      168.86      296.49
binance_futures_book         2160     306.10                    0.00      144.82      152.82
binance_futures_depth        2160       9.11                    0.00      144.63      150.09
binance_liq                  2160       0.00                    0.98     1150.75     1157.64
bitstamp                     2160       0.55                    0.13       50.12       77.36
bybit                        2160       9.83                    0.00      114.22      126.52
bybit_book                   2160      17.59                    0.00      111.54      114.77
bybit_liq                    2160       0.00                    0.99      392.47      574.49
kraken                       2160       1.58                    0.01       44.57      101.29
okx                          2160       8.83                    0.00      151.46      161.52
```

## Binance спот и Coinbase (health_cex)
- Binance: лаг p50 145 мс, p90 по интервалам 148 мс, сообщ/10с 58
- Coinbase: лаг p50 81 мс, сообщ/10с 48
- задержка event loop процесса cex: p50 0.70 мс, p99 макс 47.8 мс, макс 67 мс

## Polymarket (health_pm)
- лаг ленты книги от сервера: p50 42 мс, p90 по интервалам 463 мс, макс 5960 мс
- сообщений книги в 10 с: 4836; сделок: 98402
- задержка event loop процесса pm: p50 0.62 мс, макс 145 мс

## RTT до Polymarket REST (pm_rtt, мс)
```
           count   50%   90%    99%    max
endpoint                                  
book      4233.0  45.3  58.6  106.3  442.6
order      705.0  47.6  51.9   93.7  113.3
time      4233.0  43.7  47.7   92.7  230.5
```

## Часы сервера относительно Binance
- смещение: медиана 19.9 мс, размах 17.4…55.4 мс; RTT до Binance REST p50 290 мс


