=== bybit
=== досрочный выход (продажа по bid с комиссией), топ-30 по нижней границе ИИ ===
           вариант   L  выход_с  сигн  окон  исп_шт  исполн  цшейр_исп  цсигнал  ИИ_низ  ИИ_верх            дни
thr0.05_s1.5_slip2 200      2.0   281   173      57   0.203      14.00     2.84    1.86     4.01 +1.6 +3.4 +4.0
thr0.05_s1.5_slip0 200     60.0   281   173      47   0.167      21.35     3.57    1.86     5.38 +2.8 +3.9 +4.6
thr0.05_s1.5_slip2 300     60.0   281   173      40   0.142      21.14     3.01    1.68     4.54 +2.2 +3.2 +4.7
thr0.05_s1.5_slip2 200     60.0   281   173      57   0.203      16.56     3.36    1.66     5.16 +2.1 +3.8 +4.9
  thr0.03_s2_slip0 200     60.0   339   196      51   0.150      20.53     3.09    1.65     4.60 +2.5 +3.3 +3.9
thr0.05_s1.5_slip2 200      5.0   281   173      57   0.203      13.59     2.76    1.61     4.04 +1.7 +3.0 +5.2
  thr0.05_s2_slip0 200     10.0   111    79      16   0.144      25.12     3.62    1.59     6.19 +2.5 +3.4 +5.9
thr0.05_s1.5_slip0 200      2.0   281   173      47   0.167      15.53     2.60    1.58     3.70 +1.7 +3.1 +3.0
  thr0.03_s2_slip2 200      2.0   339   196      64   0.189      12.84     2.42    1.58     3.36 +1.6 +2.8 +3.4
  thr0.05_s2_slip0 200      5.0   111    79      16   0.144      22.72     3.28    1.56     5.20 +1.5 +3.3 +5.9
thr0.05_s1.5_slip0 200      5.0   281   173      47   0.167      15.42     2.58    1.50     3.74 +1.7 +2.8 +4.3
  thr0.05_s2_slip2 200      5.0   111    79      20   0.180      18.08     3.26    1.49     5.32 +1.6 +3.1 +6.3
thr0.05_s1.5_slip0 200     30.0   281   173      47   0.167      16.66     2.79    1.47     4.45 +2.1 +2.9 +4.5
thr0.05_s1.5_slip2 200     30.0   281   173      57   0.203      13.74     2.79    1.46     4.24 +2.1 +2.8 +5.1
  thr0.05_s2_slip2 200     10.0   111    79      20   0.180      19.84     3.57    1.44     6.14 +2.5 +3.2 +6.3
  thr0.03_s2_slip0 200      2.0   339   196      51   0.150      14.86     2.24    1.43     3.13 +1.6 +2.6 +2.5
  thr0.05_s2_slip2 200      2.0   111    79      20   0.180      16.47     2.97    1.40     4.68 +1.4 +3.3 +4.5
  thr0.03_s2_slip0 200      5.0   339   196      51   0.150      15.33     2.31    1.40     3.31 +1.9 +2.3 +3.7
thr0.05_s1.5_slip0 200     10.0   281   173      47   0.167      15.57     2.60    1.38     4.06 +1.6 +2.9 +4.3
thr0.05_s1.5_slip2 200     10.0   281   173      57   0.203      13.40     2.72    1.38     4.02 +1.4 +3.1 +5.0
  thr0.05_s2_slip0 200      2.0   111    79      16   0.144      20.10     2.90    1.37     4.84 +1.4 +3.3 +4.1
  thr0.03_s2_slip0 200     30.0   339   196      51   0.150      16.54     2.49    1.37     3.78 +2.1 +2.5 +3.8
thr0.05_s1.5_slip0 300     60.0   281   173      34   0.121      22.75     2.75    1.34     4.27 +2.6 +2.8 +2.8
  thr0.03_s2_slip2 200      5.0   339   196      64   0.189      12.26     2.32    1.31     3.38 +1.9 +2.2 +4.5
  thr0.02_s2_slip2 200      2.0   649   277     132   0.203       9.04     1.84    1.30     2.43 +1.3 +1.9 +3.5
  thr0.03_s2_slip0 200     10.0   339   196      51   0.150      15.63     2.35    1.29     3.49 +1.8 +2.4 +3.7
thr0.05_s1.5_slip2 450     60.0   281   173      26   0.093      26.04     2.41    1.26     3.73 +2.1 +2.8 +1.4
  thr0.03_s2_slip2 200     60.0   339   196      64   0.189      14.29     2.70    1.22     4.27 +1.9 +2.9 +4.2
  thr0.02_s2_slip2 200      5.0   649   277     132   0.203       9.07     1.85    1.18     2.58 +1.8 +1.5 +4.1
  thr0.03_s2_slip0 300     60.0   339   196      38   0.112      20.98     2.35    1.15     3.60 +2.4 +2.3 +2.4

строк с ИИ_низ > 0: 224 из 270  (при 270 сравнениях часть таких строк случайна)

=== отложенная выборка: топ-15 по первой половине окон, результат на второй ===
                                окон_обуч  исполн_обуч  цсигнал_обуч  ИИ_низ_обуч  окон_тест  исполн_тест  цсигнал_тест  ИИ_низ_тест  ИИ_верх
вариант            L   выход_с                                                                                                               
thr0.05_s2_slip0   200 10.0            46         0.17          4.34         1.46         33         0.11          2.61         0.00     5.67
thr0.05_s2_slip2   200 10.0            46         0.20          4.01         1.06         33         0.15          2.95         0.18     6.98
thr0.05_s1.5_slip0 200 60.0            99         0.20          3.81         1.93         74         0.12          3.21         0.68     6.52
thr0.05_s1.5_slip2 200 60.0            99         0.24          3.64         1.58         74         0.15          2.94         0.15     6.10
thr0.05_s2_slip2   200 60.0            46         0.20          3.52        -0.25         33         0.15          2.59        -0.97     6.85
thr0.03_s2_slip0   200 60.0           112         0.18          3.35         1.48         84         0.10          2.68         0.63     5.08
thr0.05_s2_slip0   200 5.0             46         0.17          3.35         1.34         33         0.11          3.17         0.20     6.23
                       2.0             46         0.17          3.27         1.13         33         0.11          2.37        -0.07     5.67
                       60.0            46         0.17          3.27        -0.37         33         0.11          3.27         0.70     7.00
thr0.03_s2_slip2   200 60.0           112         0.22          3.22         1.44         84         0.14          1.88        -0.93     4.75
thr0.05_s1.5_slip2 200 10.0            99         0.24          3.17         1.33         74         0.15          2.02         0.50     3.93
thr0.05_s1.5_slip0 200 30.0            99         0.20          3.16         1.39         74         0.12          2.22        -0.02     4.72
=== coinbase
=== досрочный выход (продажа по bid с комиссией), топ-30 по нижней границе ИИ ===
           вариант   L  выход_с  сигн  окон  исп_шт  исполн  цшейр_исп  цсигнал  ИИ_низ  ИИ_верх            дни
  thr0.05_s2_slip2 200      2.0   478   245     121   0.253       5.70     1.44    0.63     2.28 +0.5 +1.7 +1.4
  thr0.05_s2_slip2 200      5.0   478   245     121   0.253       5.06     1.28    0.44     2.16 +1.3 +1.4 +0.9
  thr0.05_s2_slip0 200      2.0   478   245      89   0.186       5.80     1.08    0.44     1.72 +0.3 +1.1 +1.6
  thr0.05_s2_slip0 300      2.0   478   245      82   0.172       5.64     0.97    0.41     1.59 +1.4 +0.9 +0.8
thr0.05_s1.5_slip2 200      2.0  1041   364     320   0.307       2.80     0.86    0.40     1.33 +0.9 +1.0 +0.4
thr0.05_s1.5_slip0 200      5.0  1041   364     225   0.217       3.65     0.79    0.35     1.25 +1.2 +0.7 +0.4
thr0.05_s1.5_slip2 200      5.0  1041   364     319   0.307       2.99     0.92    0.34     1.49 +1.3 +1.0 +0.2
  thr0.05_s2_slip0 200      5.0   478   245      89   0.186       5.29     0.98    0.32     1.66 +1.1 +0.9 +1.2
thr0.05_s1.5_slip2 200     60.0  1041   364     319   0.307       5.04     1.54    0.31     2.70 +1.0 +1.8 +1.2
  thr0.05_s2_slip2 300      2.0   478   245     101   0.211       4.49     0.95    0.30     1.64 +1.3 +1.1 +0.2
  thr0.03_s2_slip2 200      2.0  1241   381     405   0.326       2.05     0.67    0.30     1.08 +0.8 +0.7 +0.3
thr0.05_s1.5_slip0 200      2.0  1041   364     226   0.217       3.12     0.68    0.29     1.07 +0.8 +0.6 +0.7
  thr0.03_s2_slip0 200      5.0  1241   381     293   0.237       2.78     0.66    0.24     1.04 +1.1 +0.6 +0.3
thr0.05_s1.5_slip0 200     60.0  1041   364     225   0.217       5.62     1.21    0.24     2.19 +0.2 +1.6 +1.4
  thr0.03_s2_slip2 200      5.0  1241   381     404   0.326       2.09     0.68    0.23     1.22 +1.2 +0.7 +0.1
thr0.05_s1.5_slip0 300      2.0  1041   364     203   0.196       2.82     0.55    0.21     0.90 +1.1 +0.5 -0.0
thr0.05_s1.5_slip0 200     10.0  1041   364     225   0.217       3.56     0.77    0.21     1.34 +1.0 +0.9 +0.0
  thr0.05_s2_slip0 200     10.0   478   245      89   0.186       5.47     1.02    0.21     1.89 +0.9 +1.1 +0.9
  thr0.03_s2_slip0 200      2.0  1241   381     294   0.237       2.32     0.55    0.18     0.90 +0.7 +0.5 +0.5
  thr0.03_s2_slip0 200     10.0  1241   381     293   0.237       2.70     0.64    0.15     1.15 +0.9 +0.7 +0.0
  thr0.05_s2_slip2 200     10.0   478   245     121   0.253       4.41     1.12    0.14     2.20 +1.2 +1.5 -0.0
thr0.05_s1.5_slip2 200     10.0  1041   364     319   0.307       2.67     0.82    0.14     1.54 +1.1 +1.1 -0.7
  thr0.02_s2_slip2 200      5.0  2129   451     805   0.379       1.11     0.42    0.10     0.76 +0.6 +0.4 +0.4
  thr0.03_s2_slip0 300      2.0  1241   381     261   0.211       2.00     0.42    0.09     0.77 +0.9 +0.4 -0.1
  thr0.02_s2_slip0 200      5.0  2129   451     570   0.268       1.29     0.35    0.08     0.61 +0.6 +0.2 +0.3
thr0.05_s1.5_slip2 300      2.0  1041   364     265   0.256       1.80     0.46    0.07     0.87 +1.0 +0.5 -0.5
  thr0.02_s2_slip0 200     10.0  2129   451     570   0.268       1.57     0.42    0.05     0.74 +0.6 +0.4 +0.1
thr0.05_s1.5_slip0 200     30.0  1041   364     225   0.217       3.91     0.84    0.04     1.70 -0.0 +1.1 +1.3
  thr0.05_s2_slip0 450      2.0   478   245      63   0.132       3.56     0.47    0.04     0.97 +0.5 +0.8 -0.5
  thr0.03_s2_slip2 200     10.0  1241   381     404   0.326       1.86     0.61    0.01     1.22 +1.0 +0.7 -0.5

строк с ИИ_низ > 0: 30 из 270  (при 270 сравнениях часть таких строк случайна)

=== отложенная выборка: топ-15 по первой половине окон, результат на второй ===
                                окон_обуч  исполн_обуч  цсигнал_обуч  ИИ_низ_обуч  окон_тест  исполн_тест  цсигнал_тест  ИИ_низ_тест  ИИ_верх
вариант            L   выход_с                                                                                                               
thr0.05_s2_slip2   200 10.0           116         0.24          2.41         0.90        129         0.27         -0.16        -1.49     1.07
thr0.05_s1.5_slip2 200 60.0           176         0.29          2.36         0.60        188         0.33          0.62        -1.06     2.41
thr0.05_s2_slip2   200 30.0           116         0.24          2.15         0.11        129         0.27         -0.47        -1.66     0.90
                       5.0            116         0.24          1.98         0.53        129         0.27          0.59        -0.36     1.63
                       2.0            116         0.24          1.91         0.71        129         0.27          0.99         0.12     2.01
thr0.05_s1.5_slip2 200 10.0           176         0.29          1.89         0.89        188         0.33         -0.40        -1.20     0.45
thr0.05_s2_slip0   200 10.0           116         0.17          1.89         0.62        129         0.20          0.16        -0.79     1.08
thr0.05_s1.5_slip0 200 60.0           176         0.20          1.84         0.23        188         0.23          0.50        -0.74     1.84
thr0.05_s2_slip2   200 60.0           116         0.24          1.77        -0.30        129         0.27         -0.35        -2.27     1.75
thr0.05_s2_slip0   200 30.0           116         0.17          1.75         0.12        129         0.20         -0.09        -1.28     1.29
thr0.05_s1.5_slip0 200 10.0           176         0.20          1.68         0.82        188         0.23         -0.27        -0.92     0.36
thr0.05_s1.5_slip2 200 30.0           176         0.29          1.66         0.29        188         0.33          0.15        -0.79     1.16
=== binance_fut
=== досрочный выход (продажа по bid с комиссией), топ-30 по нижней границе ИИ ===
           вариант   L  выход_с  сигн  окон  исп_шт  исполн  цшейр_исп  цсигнал  ИИ_низ  ИИ_верх            дни
  thr0.05_s2_slip2 200      5.0   628   294     122   0.194      10.08     1.96    1.33     2.59 +1.6 +1.9 +2.5
  thr0.05_s2_slip2 200     30.0   628   294     122   0.194      10.06     1.95    1.18     2.85 +1.6 +2.0 +2.3
  thr0.05_s2_slip0 200      2.0   628   294      87   0.139      11.77     1.63    1.14     2.19 +1.2 +1.9 +1.5
  thr0.05_s2_slip2 200     10.0   628   294     122   0.194       9.34     1.81    1.12     2.62 +1.2 +1.9 +2.2
  thr0.05_s2_slip2 200      2.0   628   294     122   0.194       9.27     1.80    1.11     2.53 +1.0 +1.9 +2.3
  thr0.05_s2_slip0 200      5.0   628   294      87   0.139      12.05     1.67    1.09     2.29 +1.4 +1.7 +1.8
thr0.05_s1.5_slip2 200      2.0  1228   399     219   0.178       7.00     1.25    0.93     1.59 +0.9 +1.3 +1.6
thr0.05_s1.5_slip2 200      5.0  1228   399     219   0.178       6.98     1.24    0.88     1.61 +1.1 +1.1 +1.9
  thr0.05_s2_slip2 200     60.0   628   294     122   0.194       9.46     1.84    0.86     3.00 +2.3 +1.6 +2.0
  thr0.05_s2_slip0 200     10.0   628   294      87   0.139      11.10     1.54    0.84     2.25 +0.9 +1.8 +1.5
  thr0.03_s2_slip2 200      2.0  1413   423     258   0.183       6.09     1.11    0.82     1.43 +1.0 +1.1 +1.4
thr0.05_s1.5_slip0 200      2.0  1228   399     160   0.130       8.20     1.07    0.79     1.36 +0.7 +1.1 +1.4
thr0.05_s1.5_slip0 200      5.0  1228   399     160   0.130       8.71     1.13    0.79     1.50 +1.0 +1.0 +1.7
  thr0.05_s2_slip0 200     30.0   628   294      87   0.139      11.88     1.65    0.77     2.51 +0.9 +1.8 +1.9
  thr0.03_s2_slip0 200      5.0  1413   423     185   0.131       7.94     1.04    0.75     1.35 +1.1 +0.9 +1.5
  thr0.03_s2_slip2 200      5.0  1413   423     258   0.183       5.96     1.09    0.74     1.44 +1.2 +0.9 +1.6
  thr0.03_s2_slip0 200      2.0  1413   423     185   0.131       7.46     0.98    0.71     1.26 +0.7 +1.0 +1.2
  thr0.05_s2_slip2 300      2.0   628   294      76   0.121       9.67     1.17    0.70     1.73 +0.2 +1.5 +1.2
  thr0.05_s2_slip0 300      5.0   628   294      60   0.096      12.52     1.20    0.69     1.73 +0.6 +1.4 +1.4
thr0.05_s1.5_slip2 200     10.0  1228   399     219   0.178       5.99     1.07    0.67     1.51 +0.8 +1.1 +1.4
  thr0.05_s2_slip0 200     60.0   628   294      87   0.139      11.77     1.63    0.65     2.73 +1.3 +1.8 +1.4
  thr0.05_s2_slip2 300      5.0   628   294      76   0.121       9.81     1.19    0.65     1.72 +0.5 +1.3 +1.4
  thr0.05_s2_slip2 300     30.0   628   294      76   0.121      11.02     1.33    0.65     2.17 +0.7 +1.5 +1.5
thr0.05_s1.5_slip2 200     30.0  1228   399     219   0.178       6.46     1.15    0.63     1.70 +0.9 +1.2 +1.5
  thr0.05_s2_slip0 300      2.0   628   294      60   0.096      11.70     1.12    0.62     1.62 +0.2 +1.5 +1.1
  thr0.05_s2_slip2 300     60.0   628   294      76   0.121      11.92     1.44    0.61     2.31 +1.4 +1.4 +1.5
  thr0.05_s2_slip0 300     10.0   628   294      60   0.096      12.13     1.16    0.58     1.81 +0.2 +1.4 +1.3
  thr0.02_s2_slip0 200      5.0  2311   476     291   0.126       6.12     0.77    0.57     1.00 +0.7 +0.7 +1.2
thr0.05_s1.5_slip0 200     10.0  1228   399     160   0.130       7.38     0.96    0.57     1.37 +0.5 +1.1 +1.2
  thr0.02_s2_slip2 200      2.0  2311   476     454   0.196       3.88     0.76    0.55     0.99 +0.5 +0.8 +1.1

строк с ИИ_низ > 0: 174 из 270  (при 270 сравнениях часть таких строк случайна)

=== отложенная выборка: топ-15 по первой половине окон, результат на второй ===
                                окон_обуч  исполн_обуч  цсигнал_обуч  ИИ_низ_обуч  окон_тест  исполн_тест  цсигнал_тест  ИИ_низ_тест  ИИ_верх
вариант            L   выход_с                                                                                                               
thr0.05_s2_slip2   200 60.0           145         0.23          2.51         0.91        149         0.16          1.14        -0.28     2.59
                       5.0            145         0.23          2.26         1.32        149         0.16          1.65         0.93     2.57
                       10.0           145         0.23          2.20         1.08        149         0.16          1.42         0.63     2.38
thr0.05_s2_slip0   200 5.0            145         0.17          2.16         1.20        149         0.11          1.16         0.52     1.90
                       10.0           145         0.17          2.12         0.90        149         0.11          0.94         0.28     1.73
                       60.0           145         0.17          2.12         0.45        149         0.11          1.12        -0.02     2.52
thr0.05_s2_slip2   200 2.0            145         0.23          2.12         1.13        149         0.16          1.47         0.69     2.35
                       30.0           145         0.23          2.10         0.83        149         0.16          1.80         0.83     2.84
thr0.05_s2_slip0   200 2.0            145         0.17          2.04         1.21        149         0.11          1.21         0.58     1.92
                       30.0           145         0.17          1.93         0.50        149         0.11          1.36         0.46     2.41
thr0.05_s2_slip2   300 60.0           145         0.14          1.74         0.46        149         0.11          1.13         0.04     2.39
thr0.05_s2_slip0   300 10.0           145         0.10          1.45         0.39        149         0.09          0.86         0.30     1.69
